
Memory Configuration

Name             Origin             Length             Attributes
flash            0x08000000         0x00020000         xr
sram             0x20000000         0x00005000         xrw
*default*        0x00000000         0xffffffff

Linker script and memory map


.text           0x08000000      0x184
 *(.vectors*)
 .vectors       0x08000000       0x1c startup.o
                0x08000000                vectors
 *(.text*)
 .text          0x0800001c       0xa8 app.o
                0x0800001c                main
 .text          0x080000c4       0xc0 startup.o
                0x080000c4                Bus_fault_Handler
                0x080000c4                MM_fault_Handler
                0x080000c4                Usage_fault_Handler
                0x080000c4                Default_Handler
                0x080000c4                H_fault_Handler
                0x080000c4                NMI_Handler
                0x080000d0                Rest_Handler
 *(.rodata)
                0x08000184                _E_TEXT = .

.glue_7         0x08000184        0x0
 .glue_7        0x00000000        0x0 linker stubs

.glue_7t        0x08000184        0x0
 .glue_7t       0x00000000        0x0 linker stubs

.vfp11_veneer   0x08000184        0x0
 .vfp11_veneer  0x00000000        0x0 linker stubs

.v4_bx          0x08000184        0x0
 .v4_bx         0x00000000        0x0 linker stubs

.iplt           0x08000184        0x0
 .iplt          0x00000000        0x0 app.o

.rel.dyn        0x08000184        0x0
 .rel.iplt      0x00000000        0x0 app.o

.data           0x20000000        0x4 load address 0x08000184
                0x20000000                _S_DATA = .
 *(.data*)
 .data          0x20000000        0x4 app.o
                0x20000000                R_ODDR
 .data          0x20000004        0x0 startup.o
                0x20000004                _E_DATA = .

.igot.plt       0x20000004        0x0 load address 0x08000188
 .igot.plt      0x00000000        0x0 app.o

.bss            0x20000004     0x1000 load address 0x08000188
                0x20000004                _S_BSS = .
 *(.bss*)
 .bss           0x20000004        0x0 app.o
 .bss           0x20000004        0x0 startup.o
                0x20000004                . = ALIGN (0x4)
                0x20000004                _E_BSS = .
                0x20001004                . = (. + 0x1000)
 *fill*         0x20000004     0x1000 
                0x20001004                _stack_top = .
LOAD app.o
LOAD startup.o
OUTPUT(CORTEXM3-S.elf elf32-littlearm)

.debug_info     0x00000000      0x296
 .debug_info    0x00000000      0x123 app.o
 .debug_info    0x00000123      0x173 startup.o

.debug_abbrev   0x00000000      0x18c
 .debug_abbrev  0x00000000       0xca app.o
 .debug_abbrev  0x000000ca       0xc2 startup.o

.debug_loc      0x00000000       0x9c
 .debug_loc     0x00000000       0x38 app.o
 .debug_loc     0x00000038       0x64 startup.o

.debug_aranges  0x00000000       0x40
 .debug_aranges
                0x00000000       0x20 app.o
 .debug_aranges
                0x00000020       0x20 startup.o

.debug_line     0x00000000      0x14c
 .debug_line    0x00000000       0x9d app.o
 .debug_line    0x0000009d       0xaf startup.o

.debug_str      0x00000000      0x1a0
 .debug_str     0x00000000       0xd5 app.o
                                0x112 (size before relaxing)
 .debug_str     0x000000d5       0xcb startup.o
                                0x164 (size before relaxing)

.comment        0x00000000       0x11
 .comment       0x00000000       0x11 app.o
                                 0x12 (size before relaxing)
 .comment       0x00000000       0x12 startup.o

.ARM.attributes
                0x00000000       0x33
 .ARM.attributes
                0x00000000       0x33 app.o
 .ARM.attributes
                0x00000033       0x33 startup.o

.debug_frame    0x00000000       0x78
 .debug_frame   0x00000000       0x2c app.o
 .debug_frame   0x0000002c       0x4c startup.o
